[validthemes.net/site-template/ventix/index-light.html]
[backblue.gif]
[fade.gif]
[index.html]
[validthemes.net/site-template/ventix/assets/img/favicon.png]
[validthemes.net/site-template/ventix/assets/css/flaticon-set.css]
[validthemes.net/site-template/ventix/assets/css/font-awesome.min.css]
[validthemes.net/site-template/ventix/assets/css/bootstrap.min.css]
[validthemes.net/site-template/ventix/assets/css/swiper-bundle.min.css]
[validthemes.net/site-template/ventix/assets/css/animate.min.css]
[validthemes.net/site-template/ventix/assets/css/validnavs.css]
[validthemes.net/site-template/ventix/style.css]
[validthemes.net/site-template/ventix/assets/img/shape/banner.jpg]
[validthemes.net/site-template/ventix/assets/css/unit-test.css]
[validthemes.net/site-template/ventix/assets/css/helper.css]
[validthemes.net/site-template/ventix/index.html]
[validthemes.net/site-template/ventix/assets/img/logo.png]
[validthemes.net/site-template/ventix/assets/css/style.css]
[validthemes.net/site-template/ventix/assets/img/logo-icon.png]
[validthemes.net/site-template/ventix/assets/img/menu-white.svg]
[validthemes.net/site-template/ventix/home-regular-menu.html]
[validthemes.net/site-template/ventix/index-vcard.html]
[validthemes.net/site-template/ventix/index-vcard-light.html]
[validthemes.net/site-template/ventix/index-2-vcard.html]
[validthemes.net/site-template/ventix/index-2.html]
[validthemes.net/site-template/ventix/index-2-light.html]
[validthemes.net/site-template/ventix/assets/img/shape/harnd.png]
[validthemes.net/site-template/ventix/index-2-vcard-light.html]
[validthemes.net/site-template/ventix/assets/img/icon/figma.png]
[validthemes.net/site-template/ventix/assets/img/icon/wordpress.png]
[validthemes.net/site-template/ventix/assets/img/illustration/1.png]
[validthemes.net/site-template/ventix/assets/img/icon/web-design.png]
[validthemes.net/site-template/ventix/assets/img/icon/app-development.png]
[validthemes.net/site-template/ventix/assets/img/icon/camera.png]
[validthemes.net/site-template/ventix/assets/img/services/3.jpg]
[validthemes.net/site-template/ventix/assets/img/icon/1.png]
[validthemes.net/site-template/ventix/assets/img/icon/2.png]
[validthemes.net/site-template/ventix/assets/img/illustration/6.png]
[validthemes.net/site-template/ventix/assets/img/portfolio/1.jpg]
[validthemes.net/site-template/ventix/assets/img/portfolio/2.jpg]
[validthemes.net/site-template/ventix/assets/img/portfolio/3.jpg]
[validthemes.net/site-template/ventix/assets/img/portfolio/4.jpg]
[validthemes.net/site-template/ventix/assets/img/portfolio/v1.jpg]
[validthemes.net/site-template/ventix/assets/img/portfolio/v2.jpg]
[validthemes.net/site-template/ventix/assets/img/portfolio/v3.jpg]
[validthemes.net/site-template/ventix/assets/img/portfolio/13.jpg]
[validthemes.net/site-template/ventix/assets/img/portfolio/12.jpg]
[validthemes.net/site-template/ventix/assets/img/team/15.jpg]
[validthemes.net/site-template/ventix/assets/img/team/14.jpg]
[validthemes.net/site-template/ventix/assets/img/brand/1.png]
[validthemes.net/site-template/ventix/assets/img/brand/2.png]
[validthemes.net/site-template/ventix/assets/img/brand/4.png]
[validthemes.net/site-template/ventix/assets/img/brand/5.png]
[validthemes.net/site-template/ventix/assets/img/brand/3.png]
[validthemes.net/site-template/ventix/assets/img/blog/1.jpg]
[validthemes.net/site-template/ventix/blog-single-with-sidebar.html]
[validthemes.net/site-template/ventix/assets/img/blog/2.jpg]
[validthemes.net/site-template/ventix/assets/img/blog/3.jpg]
[validthemes.net/site-template/ventix/assets/img/shape/map.png]
[validthemes.net/site-template/ventix/assets/img/icon/call-dark.png]
[validthemes.net/site-template/ventix/assets/js/jquery-3.6.0.min.js]
[validthemes.net/site-template/ventix/assets/js/jquery.appear.js]
[validthemes.net/site-template/ventix/assets/js/bootstrap.bundle.min.js]
[validthemes.net/site-template/ventix/assets/js/jquery.easing.min.js]
[validthemes.net/site-template/ventix/assets/js/progress-bar.min.js]
[validthemes.net/site-template/ventix/assets/js/circle-progress.js]
[validthemes.net/site-template/ventix/assets/js/imagesloaded.pkgd.min.js]
[validthemes.net/site-template/ventix/assets/js/isotope.pkgd.min.js]
[validthemes.net/site-template/ventix/assets/js/count-to.js]
[validthemes.net/site-template/ventix/assets/js/jquery.scrolla.min.js]
[validthemes.net/site-template/ventix/assets/js/ScrollOnReveal.js]
[validthemes.net/site-template/ventix/assets/js/swiper-bundle.min.js]
[validthemes.net/site-template/ventix/assets/js/YTPlayer.min.js]
[validthemes.net/site-template/ventix/assets/js/validnavs.js]
[validthemes.net/site-template/ventix/assets/js/ScrollTrigger.min.js]
[validthemes.net/site-template/ventix/index-light.html]
[validthemes.net/site-template/ventix/assets/css/bootstrap.min.css]
[validthemes.net/site-template/ventix/assets/js/main.js]
[validthemes.net/site-template/ventix/assets/fonts/fa-brands-400.4c.delayed]
[validthemes.net/site-template/ventix/assets/fonts/fa-brands-400d41d.eot]
[validthemes.net/site-template/ventix/assets/js/TweenMax.min.js]
[validthemes.net/site-template/ventix/assets/fonts/fa-brands-400.woff2]
[validthemes.net/site-template/ventix/assets/fonts/fa-brands-400.woff]
[validthemes.net/site-template/ventix/assets/fonts/fa-brands-400.50.delayed]
[validthemes.net/site-template/ventix/assets/fonts/fa-brands-400.svg]
[validthemes.net/site-template/ventix/assets/fonts/fa-duotone-900.eot]
[validthemes.net/site-template/ventix/assets/fonts/fa-duotone-900d41d.eot]
[validthemes.net/site-template/ventix/assets/fonts/fa-duotone-900.woff2]
[validthemes.net/site-template/ventix/assets/fonts/fa-duotone-900.woff]
[validthemes.net/site-template/ventix/assets/fonts/fa-duotone-900.56.delayed]
[validthemes.net/site-template/ventix/assets/fonts/fa-duotone-900.svg]
[validthemes.net/site-template/ventix/assets/fonts/fa-light-300.eot]
[validthemes.net/site-template/ventix/assets/fonts/fa-light-300d41d.eot]
[validthemes.net/site-template/ventix/assets/fonts/fa-light-300.woff2]
[validthemes.net/site-template/ventix/assets/fonts/fa-light-300.woff]
[validthemes.net/site-template/ventix/assets/fonts/fa-light-300.5c.delayed]
[validthemes.net/site-template/ventix/assets/fonts/fa-light-300.svg]
[validthemes.net/site-template/ventix/assets/fonts/fa-regular-400.eot]
[validthemes.net/site-template/ventix/assets/fonts/fa-regular-400d41d.eot]
[validthemes.net/site-template/ventix/assets/fonts/fa-regular-400.woff2]
[validthemes.net/site-template/ventix/assets/fonts/fa-regular-400.woff]
[validthemes.net/site-template/ventix/assets/fonts/fa-regular-400.62.delayed]
[validthemes.net/site-template/ventix/assets/fonts/fa-regular-400.svg]
[validthemes.net/site-template/ventix/assets/fonts/fa-solid-900.eot]
[validthemes.net/site-template/ventix/assets/fonts/fa-solid-900d41d.eot]
[validthemes.net/site-template/ventix/assets/fonts/fa-solid-900.woff2]
[validthemes.net/site-template/ventix/assets/fonts/fa-solid-900.woff]
[validthemes.net/site-template/ventix/assets/fonts/fa-solid-900.68.delayed]
[validthemes.net/site-template/ventix/assets/fonts/fa-solid-900.svg]
[validthemes.net/site-template/ventix/assets/css/font-awesome.min.css]
[validthemes.net/site-template/ventix/assets/fonts/flaticon.woff]
[validthemes.net/site-template/ventix/assets/fonts/flaticond41d.eot]
[validthemes.net/site-template/ventix/assets/fonts/flaticon.ttf]
[validthemes.net/site-template/ventix/assets/css/flaticon.6f.delayed]
[validthemes.net/site-template/ventix/assets/css/flaticon-set.css]
[validthemes.net/site-template/ventix/assets/css/swiper-bundle.min.css]
[validthemes.net/site-template/ventix/assets/css/animate.min.css]
[validthemes.net/site-template/ventix/assets/css/validnavs.css]
[validthemes.net/site-template/ventix/assets/css/helper.css]
[validthemes.net/site-template/ventix/assets/css/unit-test.css]
[validthemes.net/site-template/ventix/assets/img/shape/35.png]
[validthemes.net/site-template/ventix/assets/img/shape/10.png]
[validthemes.net/site-template/ventix/assets/img/shape/1.png]
[validthemes.net/site-template/ventix/assets/img/shape/overlay-bg.png]
[validthemes.net/site-template/ventix/assets/img/shape/3.png]
[validthemes.net/site-template/ventix/assets/img/shape/11.png]
[validthemes.net/site-template/ventix/assets/img/shape/5.png]
[validthemes.net/site-template/ventix/assets/img/shape/6.png]
[validthemes.net/site-template/ventix/assets/img/preloader-icon.png]
[validthemes.net/site-template/ventix/assets/img/preloader-icon-light.png]
[validthemes.net/site-template/ventix/assets/css/style.css]
[validthemes.net/site-template/ventix/style.css]
[validthemes.net/site-template/ventix/assets/img/shape/banner-1.png]
[validthemes.net/site-template/ventix/assets/img/logo-light.png]
[validthemes.net/site-template/ventix/assets/img/illustration/2.jpg]
[validthemes.net/site-template/ventix/assets/img/portfolio/5.jpg]
[validthemes.net/site-template/ventix/assets/img/icon/call.png]
[validthemes.net/site-template/ventix/index.html]
[validthemes.net/site-template/ventix/assets/img/menu-white.svg]
[validthemes.net/site-template/ventix/home-regular-menu.html]
[validthemes.net/site-template/ventix/index-vcard.html]
[validthemes.net/site-template/ventix/assets/img/menu-icon.png]
[validthemes.net/site-template/ventix/index-vcard-light.html]
[validthemes.net/site-template/ventix/assets/img/shape/8.png]
[validthemes.net/site-template/ventix/assets/img/illustration/5.png]
[validthemes.net/site-template/ventix/assets/img/icon/react.png]
[validthemes.net/site-template/ventix/assets/img/icon/python.png]
[validthemes.net/site-template/ventix/assets/img/icon/ruby.png]
[validthemes.net/site-template/ventix/assets/img/about/2.jpg]
[validthemes.net/site-template/ventix/index-2.html]
[validthemes.net/site-template/ventix/index-2-vcard.html]
[validthemes.net/site-template/ventix/index-2-light.html]
[validthemes.net/site-template/ventix/index-2-vcard-light.html]
[validthemes.net/site-template/ventix/assets/js/typed.js]
[validthemes.net/site-template/ventix/assets/img/shape/laptop.png]
[validthemes.net/site-template/ventix/index-2-onepage-light.88.delayed]
[validthemes.net/site-template/ventix/assets/img/shape/4.png]
[validthemes.net/site-template/ventix/assets/img/blog/v1.jpg]
[validthemes.net/site-template/ventix/assets/img/team/11.jpg]
[validthemes.net/site-template/ventix/blog-with-sidebar.8c.delayed]
[validthemes.net/site-template/ventix/assets/img/team/9.jpg]
[validthemes.net/site-template/ventix/assets/img/team/10.jpg]
[validthemes.net/site-template/ventix/assets/img/gallery/1.jpg]
[validthemes.net/site-template/ventix/assets/img/gallery/2.jpg]
[validthemes.net/site-template/ventix/assets/img/gallery/3.jpg]
[validthemes.net/site-template/ventix/assets/img/gallery/6.jpg]
[validthemes.net/site-template/ventix/assets/img/gallery/4.jpg]
[validthemes.net/site-template/ventix/assets/img/gallery/5.jpg]
[validthemes.net/site-template/ventix/blog-standard.95.delayed]
[validthemes.net/site-template/ventix/blog-single-with-sidebar.html]
[validthemes.net/site-template/ventix/assets/js/jquery-3.6.0.min.js]
[validthemes.net/site-template/ventix/assets/js/bootstrap.bundle.min.js]
[validthemes.net/site-template/ventix/assets/js/jquery.appear.js]
[validthemes.net/site-template/ventix/assets/js/jquery.easing.min.js]
[validthemes.net/site-template/ventix/assets/js/swiper-bundle.min.js]
[validthemes.net/site-template/ventix/assets/js/progress-bar.min.js]
[validthemes.net/site-template/ventix/assets/js/circle-progress.js]
[validthemes.net/site-template/ventix/assets/js/isotope.pkgd.min.js]
[validthemes.net/site-template/ventix/assets/js/imagesloaded.pkgd.min.js]
[validthemes.net/site-template/ventix/assets/js/count-to.js]
[validthemes.net/site-template/ventix/assets/js/jquery.scrolla.min.js]
[validthemes.net/site-template/ventix/assets/js/ScrollOnReveal.js]
[validthemes.net/site-template/ventix/assets/js/YTPlayer.min.js]
[validthemes.net/site-template/ventix/assets/js/validnavs.js]
[validthemes.net/site-template/ventix/assets/js/ScrollTrigger.min.js]
[validthemes.net/site-template/ventix/assets/js/TweenMax.min.js]
[validthemes.net/site-template/ventix/assets/js/main.js]
[validthemes.net/site-template/ventix/assets/fonts/fa-brands-400.html]
[validthemes.net/site-template/ventix/assets/fonts/fa-brands-400d41d.html]
[validthemes.net/site-template/ventix/assets/fonts/fa-brands-401.html]
[validthemes.net/site-template/ventix/assets/fonts/fa-brands-402.html]
[validthemes.net/site-template/ventix/assets/fonts/fa-duotone-900.html]
[validthemes.net/site-template/ventix/assets/fonts/fa-duotone-900d41d.html]
[validthemes.net/site-template/ventix/assets/fonts/fa-duotone-901.html]
[validthemes.net/site-template/ventix/assets/fonts/fa-duotone-902.html]
[validthemes.net/site-template/ventix/assets/fonts/fa-light-300.html]
[validthemes.net/site-template/ventix/assets/fonts/fa-light-300d41d.html]
[validthemes.net/site-template/ventix/assets/fonts/fa-light-301.html]
[validthemes.net/site-template/ventix/assets/fonts/fa-light-302.html]
[validthemes.net/site-template/ventix/assets/fonts/fa-regular-400.html]
[validthemes.net/site-template/ventix/assets/fonts/fa-regular-400d41d.html]
[validthemes.net/site-template/ventix/assets/fonts/fa-regular-401.html]
[validthemes.net/site-template/ventix/assets/fonts/fa-regular-402.html]
[validthemes.net/site-template/ventix/assets/fonts/fa-solid-900.html]
[validthemes.net/site-template/ventix/assets/fonts/fa-solid-900d41d.html]
[validthemes.net/site-template/ventix/assets/fonts/fa-solid-901.html]
[validthemes.net/site-template/ventix/assets/fonts/fa-solid-902.html]
[validthemes.net/site-template/ventix/assets/fonts/flaticon.svg]
[validthemes.net/site-template/ventix/assets/css/flaticon.html]
[validthemes.net/site-template/ventix/assets/img/shape/35.html]
[validthemes.net/site-template/ventix/assets/img/shape/map-light.png]
[validthemes.net/site-template/ventix/Version/index.html]
[validthemes.net/site-template/ventix/assets/js/typed.js]
[validthemes.net/site-template/ventix/index-2-onepage-light.html]
[validthemes.net/site-template/ventix/blog-with-sidebar.html]
[validthemes.net/site-template/ventix/blog-standard.html]
[validthemes.net/site-template/ventix/assets/fonts/flaticon.eot]
[validthemes.net/site-template/ventix/assets/js/gsap.js]
[validthemes.net/site-template/ventix/assets/js/gsap.js]
[validthemes.net/site-template/ventix/Version/index.html]
[validthemes.net/site-template/ventix/assets/fonts/flaticon.svg]
